openjdk version "25.0.2" 2026-01-20 LTS
OpenJDK Runtime Environment Temurin-25.0.2+10 (build 25.0.2+10-LTS)
OpenJDK 64-Bit Server VM Temurin-25.0.2+10 (build 25.0.2+10-LTS, mixed mode)
INFO  Using log config file: jar:file:/Applications/ghidra_12.0.4_PUBLIC/Ghidra/Framework/Generic/lib/Generic.jar!/generic.log4j.xml (LoggingInitialization)  
INFO  Using log file: /Users/michaelbelmonte/Library/ghidra/ghidra_12.0.4_PUBLIC/application.log (LoggingInitialization)  
INFO  Loading user preferences: /Users/michaelbelmonte/Library/ghidra/ghidra_12.0.4_PUBLIC/preferences (Preferences)  
INFO  Searching for classes... (ClassSearcher)  
INFO  Class search complete (478 ms) (ClassSearcher)  
INFO  Initializing SSL Context (DefaultSSLContextInitializer)  
INFO  Initializing Random Number Generator... (SecureRandomFactory)  
INFO  Random Number Generator initialization complete: NativePRNGNonBlocking (SecureRandomFactory)  
INFO  Trust manager disabled, cacerts have not been set (DefaultTrustManagerFactory)  
INFO  Headless startup complete (6800 ms) (AnalyzeHeadless)  
INFO  Class searcher loaded 89 extension points (43 false positives) (ClassSearcher)  
WARNING: A terminally deprecated method in sun.misc.Unsafe has been called
WARNING: sun.misc.Unsafe::staticFieldOffset has been called by org.apache.felix.framework.util.SecureAction (file:/Applications/ghidra_12.0.4_PUBLIC/Ghidra/Features/Base/lib/org.apache.felix.framework-7.0.5.jar)
WARNING: Please consider reporting this to the maintainers of class org.apache.felix.framework.util.SecureAction
WARNING: sun.misc.Unsafe::staticFieldOffset will be removed in a future release
INFO  HEADLESS Script Paths:
    /Applications/ghidra_12.0.4_PUBLIC/Ghidra/Features/DecompilerDependent/ghidra_scripts
    /Applications/ghidra_12.0.4_PUBLIC/Ghidra/Features/MicrosoftCodeAnalyzer/ghidra_scripts
    /Applications/ghidra_12.0.4_PUBLIC/Ghidra/Features/SystemEmulation/ghidra_scripts
    /Applications/ghidra_12.0.4_PUBLIC/Ghidra/Debug/Debugger-rmi-trace/ghidra_scripts
    /Applications/ghidra_12.0.4_PUBLIC/Ghidra/Features/Decompiler/ghidra_scripts
    /Applications/ghidra_12.0.4_PUBLIC/Ghidra/Features/VersionTracking/ghidra_scripts
    /Applications/ghidra_12.0.4_PUBLIC/Ghidra/Processors/PIC/ghidra_scripts
    /Applications/ghidra_12.0.4_PUBLIC/Ghidra/Features/FileFormats/ghidra_scripts
    /Applications/ghidra_12.0.4_PUBLIC/Ghidra/Features/FunctionID/ghidra_scripts
    /Applications/ghidra_12.0.4_PUBLIC/Ghidra/Debug/Debugger/ghidra_scripts
    /Applications/ghidra_12.0.4_PUBLIC/Ghidra/Features/Base/ghidra_scripts
    /Applications/ghidra_12.0.4_PUBLIC/Ghidra/Features/SwiftDemangler/ghidra_scripts
    /Applications/ghidra_12.0.4_PUBLIC/Ghidra/Features/Jython/ghidra_scripts
    /Applications/ghidra_12.0.4_PUBLIC/Ghidra/Processors/Atmel/ghidra_scripts
    /Applications/ghidra_12.0.4_PUBLIC/Ghidra/Processors/DATA/ghidra_scripts
    /Applications/ghidra_12.0.4_PUBLIC/Ghidra/Features/WildcardAssembler/ghidra_scripts
    /Applications/ghidra_12.0.4_PUBLIC/Ghidra/Features/GnuDemangler/ghidra_scripts
    /Applications/ghidra_12.0.4_PUBLIC/Ghidra/Features/BSim/ghidra_scripts
    /Applications/ghidra_12.0.4_PUBLIC/Ghidra/Features/BytePatterns/ghidra_scripts
    /Applications/ghidra_12.0.4_PUBLIC/Ghidra/Features/PDB/ghidra_scripts
    /Applications/ghidra_12.0.4_PUBLIC/Ghidra/Features/PyGhidra/ghidra_scripts
    /Applications/ghidra_12.0.4_PUBLIC/Ghidra/Processors/JVM/ghidra_scripts
    /Applications/ghidra_12.0.4_PUBLIC/Ghidra/Processors/8051/ghidra_scripts (HeadlessAnalyzer)  
INFO  HEADLESS: execution starts (HeadlessAnalyzer)  
INFO  Creating project: /Users/michaelbelmonte/MikeStandalone_Project (HeadlessAnalyzer)  
INFO  Creating project: /Users/michaelbelmonte/MikeStandalone_Project (DefaultProject)  
INFO  REPORT: Processing input files:  (HeadlessAnalyzer)  
INFO       project: /Users/michaelbelmonte/MikeStandalone_Project (HeadlessAnalyzer)  
INFO  IMPORTING: file:///Users/michaelbelmonte/Desktop/Progetto_Reverse_Mike/binaries/MikeStandalone (HeadlessAnalyzer)  
WARN  Using unknown opinion: Mac OS X Mach-O, x86:LE:64:default:windows (LcsHintLoadSpecChooser)  
INFO  Using Loader: Mac OS X Mach-O (ProgramLoader)  
INFO  Using Language/Compiler: x86:LE:64:default:windows (ProgramLoader)  
INFO  Using Library Search Path: [., /System/Library/dyld/dyld_shared_cache_arm64e, /System/Library/dyld/dyld_shared_cache_x86_64, /System/Library/dyld/dyld_shared_cache_x86_64h, /System/Cryptexes/OS/System/Library/dyld/dyld_shared_cache_arm64e, /System/Cryptexes/OS/System/Library/dyld/dyld_shared_cache_x86_64, /System/Cryptexes/OS/System/Library/dyld/dyld_shared_cache_x86_64h, /Users/michaelbelmonte/Library/Java/Extensions, /Library/Java/Extensions, /Network/Library/Java/Extensions, /System/Library/Java/Extensions, /usr/lib/java] (ProgramLoader)  
INFO  Additional info:
Loading file:///Users/michaelbelmonte/Desktop/Progetto_Reverse_Mike/binaries/MikeStandalone?MD5=441260320dbdbaafcc5d9b0e89ad3593...
------------------------------------------------

Linking the External Programs of 'MikeStandalone' to imported libraries...
  [/System/Library/Frameworks/Cocoa.framework/Versions/A/Cocoa] -> not found in project
  [/System/Library/Frameworks/Accelerate.framework/Versions/A/Accelerate] -> not found in project
  [/System/Library/Frameworks/Security.framework/Versions/A/Security] -> not found in project
  [/System/Library/Frameworks/IOKit.framework/Versions/A/IOKit] -> not found in project
  [/System/Library/Frameworks/QuartzCore.framework/Versions/A/QuartzCore] -> not found in project
  [/System/Library/Frameworks/Metal.framework/Versions/A/Metal] -> not found in project
  [/System/Library/Frameworks/MetalKit.framework/Versions/A/MetalKit] -> not found in project
  [/System/Library/Frameworks/AVFoundation.framework/Versions/A/AVFoundation] -> not found in project
  [/System/Library/Frameworks/AudioToolbox.framework/Versions/A/AudioToolbox] -> not found in project
  [/System/Library/Frameworks/AudioUnit.framework/Versions/A/AudioUnit] -> not found in project
  [/System/Library/Frameworks/CoreAudio.framework/Versions/A/CoreAudio] -> not found in project
  [/System/Library/Frameworks/CoreMIDI.framework/Versions/A/CoreMIDI] -> not found in project
  [/System/Library/Frameworks/SystemConfiguration.framework/Versions/A/SystemConfiguration] -> not found in project
  [/usr/lib/libc++.1.dylib] -> not found in project
  [/usr/lib/libSystem.B.dylib] -> not found in project
  [/System/Library/Frameworks/CoreFoundation.framework/Versions/A/CoreFoundation] -> not found in project
------------------------------------------------

 (ProgramLoader)  
INFO  IMPORTING: Loaded 0 additional files (HeadlessAnalyzer)  
INFO  ANALYZING all memory and code: file:///Users/michaelbelmonte/Desktop/Progetto_Reverse_Mike/binaries/MikeStandalone (HeadlessAnalyzer)  
INFO  hit non-returning function, restarting decompiler switch analyzer later (DecompilerSwitchAnalyzer)  
INFO  Packed database cache: /var/tmp/michaelbelmonte-ghidra/packed-db-cache (PackedDatabaseCache)  
INFO  Applied data type archive: mac_osx (ApplyDataArchiveAnalyzer)  
INFO  -----------------------------------------------------
    ASCII Strings                              0.121 secs
    Apply Data Archives                        0.188 secs
    CFStrings                                  0.004 secs
    Call Convention ID                         0.001 secs
    Call-Fixup Installer                       0.001 secs
    Create Address Tables                      0.005 secs
    Create Address Tables - One Time           0.007 secs
    Create Function                            0.006 secs
    Data Reference                             0.012 secs
    Decompiler Switch Analysis                 0.018 secs
    Decompiler Switch Analysis - One Time      0.265 secs
    Demangler GNU                              0.015 secs
    Disassemble Entry Points                   0.096 secs
    Embedded Media                             0.013 secs
    External Entry References                  0.000 secs
    Function ID                                0.120 secs
    Function Start Search                      0.002 secs
    Mach-O Function Starts                     0.009 secs
    Non-Returning Functions - Discovered       0.003 secs
    Non-Returning Functions - Known            0.001 secs
    Reference                                  0.007 secs
    Scalar Operand References                  0.020 secs
    Shared Return Calls                        0.005 secs
    Stack                                      0.103 secs
    Subroutine References                      0.006 secs
    x86 Constant Reference Analyzer            0.118 secs
-----------------------------------------------------
     Total Time   1 secs
-----------------------------------------------------
 (AutoAnalysisManager)  
INFO  REPORT: Analysis succeeded for file: file:///Users/michaelbelmonte/Desktop/Progetto_Reverse_Mike/binaries/MikeStandalone (HeadlessAnalyzer)  
INFO  /MikeStandalone: file created (michaelbelmonte) (LocalFileSystem)  
INFO  REPORT: Save succeeded for: /MikeStandalone (MikeStandalone_Project:/MikeStandalone) (HeadlessAnalyzer)  
INFO  REPORT: Import succeeded (HeadlessAnalyzer)
