openjdk version "25.0.2" 2026-01-20 LTS
OpenJDK Runtime Environment Temurin-25.0.2+10 (build 25.0.2+10-LTS)
OpenJDK 64-Bit Server VM Temurin-25.0.2+10 (build 25.0.2+10-LTS, mixed mode)
INFO  Using log config file: jar:file:/Applications/ghidra_12.0.4_PUBLIC/Ghidra/Framework/Generic/lib/Generic.jar!/generic.log4j.xml (LoggingInitialization)  
INFO  Using log file: /Users/michaelbelmonte/Desktop/Progetto_Reverse_Mike/.xdg_config/ghidra/ghidra_12.0.4_PUBLIC/application.log (LoggingInitialization)  
INFO  Loading user preferences: /Users/michaelbelmonte/Desktop/Progetto_Reverse_Mike/.xdg_config/ghidra/ghidra_12.0.4_PUBLIC/preferences (Preferences)  
INFO  Searching for classes... (ClassSearcher)  
INFO  Class search complete (601 ms) (ClassSearcher)  
INFO  Initializing SSL Context (DefaultSSLContextInitializer)  
INFO  Initializing Random Number Generator... (SecureRandomFactory)  
INFO  Random Number Generator initialization complete: NativePRNGNonBlocking (SecureRandomFactory)  
INFO  Trust manager disabled, cacerts have not been set (DefaultTrustManagerFactory)  
INFO  Headless startup complete (2434 ms) (AnalyzeHeadless)  
INFO  Class searcher loaded 89 extension points (43 false positives) (ClassSearcher)  
WARNING: A terminally deprecated method in sun.misc.Unsafe has been called
WARNING: sun.misc.Unsafe::staticFieldOffset has been called by org.apache.felix.framework.util.SecureAction (file:/Applications/ghidra_12.0.4_PUBLIC/Ghidra/Features/Base/lib/org.apache.felix.framework-7.0.5.jar)
WARNING: Please consider reporting this to the maintainers of class org.apache.felix.framework.util.SecureAction
WARNING: sun.misc.Unsafe::staticFieldOffset will be removed in a future release
INFO  HEADLESS Script Paths:
    /Applications/ghidra_12.0.4_PUBLIC/Ghidra/Features/DecompilerDependent/ghidra_scripts
    /Applications/ghidra_12.0.4_PUBLIC/Ghidra/Features/MicrosoftCodeAnalyzer/ghidra_scripts
    /Applications/ghidra_12.0.4_PUBLIC/Ghidra/Features/SystemEmulation/ghidra_scripts
    /Applications/ghidra_12.0.4_PUBLIC/Ghidra/Debug/Debugger-rmi-trace/ghidra_scripts
    /Applications/ghidra_12.0.4_PUBLIC/Ghidra/Features/Decompiler/ghidra_scripts
    /Applications/ghidra_12.0.4_PUBLIC/Ghidra/Features/VersionTracking/ghidra_scripts
    /Applications/ghidra_12.0.4_PUBLIC/Ghidra/Processors/PIC/ghidra_scripts
    /Applications/ghidra_12.0.4_PUBLIC/Ghidra/Features/FileFormats/ghidra_scripts
    /Applications/ghidra_12.0.4_PUBLIC/Ghidra/Features/FunctionID/ghidra_scripts
    /Applications/ghidra_12.0.4_PUBLIC/Ghidra/Debug/Debugger/ghidra_scripts
    /Applications/ghidra_12.0.4_PUBLIC/Ghidra/Features/Base/ghidra_scripts
    /Applications/ghidra_12.0.4_PUBLIC/Ghidra/Features/SwiftDemangler/ghidra_scripts
    /Applications/ghidra_12.0.4_PUBLIC/Ghidra/Features/Jython/ghidra_scripts
    /Applications/ghidra_12.0.4_PUBLIC/Ghidra/Processors/Atmel/ghidra_scripts
    /Applications/ghidra_12.0.4_PUBLIC/Ghidra/Processors/DATA/ghidra_scripts
    /Applications/ghidra_12.0.4_PUBLIC/Ghidra/Features/WildcardAssembler/ghidra_scripts
    /Applications/ghidra_12.0.4_PUBLIC/Ghidra/Features/GnuDemangler/ghidra_scripts
    /Applications/ghidra_12.0.4_PUBLIC/Ghidra/Features/BSim/ghidra_scripts
    /Applications/ghidra_12.0.4_PUBLIC/Ghidra/Features/BytePatterns/ghidra_scripts
    /Applications/ghidra_12.0.4_PUBLIC/Ghidra/Features/PDB/ghidra_scripts
    /Applications/ghidra_12.0.4_PUBLIC/Ghidra/Features/PyGhidra/ghidra_scripts
    /Applications/ghidra_12.0.4_PUBLIC/Ghidra/Processors/JVM/ghidra_scripts
    /Applications/ghidra_12.0.4_PUBLIC/Ghidra/Processors/8051/ghidra_scripts (HeadlessAnalyzer)  
INFO  HEADLESS: execution starts (HeadlessAnalyzer)  
INFO  Creating project: /Users/michaelbelmonte/Desktop/Progetto_Reverse_Mike/ghidra/projects/MikeCore_Project (HeadlessAnalyzer)  
INFO  Creating project: /Users/michaelbelmonte/Desktop/Progetto_Reverse_Mike/ghidra/projects/MikeCore_Project (DefaultProject)  
INFO  REPORT: Processing input files:  (HeadlessAnalyzer)  
INFO       project: /Users/michaelbelmonte/Desktop/Progetto_Reverse_Mike/ghidra/projects/MikeCore_Project (HeadlessAnalyzer)  
INFO  IMPORTING: file:///Users/michaelbelmonte/Desktop/Progetto_Reverse_Mike/binaries/MikeCore (HeadlessAnalyzer)  
INFO  Using Loader: Mac OS X Mach-O (ProgramLoader)  
INFO  Using Language/Compiler: x86:LE:64:default:windows (ProgramLoader)  
INFO  Using Library Search Path: [., /System/Library/dyld/dyld_shared_cache_arm64e, /System/Library/dyld/dyld_shared_cache_x86_64, /System/Library/dyld/dyld_shared_cache_x86_64h, /System/Cryptexes/OS/System/Library/dyld/dyld_shared_cache_arm64e, /System/Cryptexes/OS/System/Library/dyld/dyld_shared_cache_x86_64, /System/Cryptexes/OS/System/Library/dyld/dyld_shared_cache_x86_64h, /Users/michaelbelmonte/Library/Java/Extensions, /Library/Java/Extensions, /Network/Library/Java/Extensions, /System/Library/Java/Extensions, /usr/lib/java] (ProgramLoader)  
INFO  Additional info:
Loading file:///Users/michaelbelmonte/Desktop/Progetto_Reverse_Mike/binaries/MikeCore?MD5=f36b74b8e011a27845817bd1a100c72b...
------------------------------------------------

Linking the External Programs of 'MikeCore' to imported libraries...
  [/System/Library/Frameworks/Cocoa.framework/Versions/A/Cocoa] -> not found in project
  [/System/Library/Frameworks/Accelerate.framework/Versions/A/Accelerate] -> not found in project
  [/System/Library/Frameworks/Security.framework/Versions/A/Security] -> not found in project
  [/System/Library/Frameworks/IOKit.framework/Versions/A/IOKit] -> not found in project
  [/System/Library/Frameworks/QuartzCore.framework/Versions/A/QuartzCore] -> not found in project
  [/System/Library/Frameworks/Metal.framework/Versions/A/Metal] -> not found in project
  [/System/Library/Frameworks/MetalKit.framework/Versions/A/MetalKit] -> not found in project
  [/System/Library/Frameworks/AVFoundation.framework/Versions/A/AVFoundation] -> not found in project
  [/System/Library/Frameworks/AudioToolbox.framework/Versions/A/AudioToolbox] -> not found in project
  [/System/Library/Frameworks/AudioUnit.framework/Versions/A/AudioUnit] -> not found in project
  [/System/Library/Frameworks/CoreAudio.framework/Versions/A/CoreAudio] -> not found in project
  [/System/Library/Frameworks/CoreMIDI.framework/Versions/A/CoreMIDI] -> not found in project
  [/System/Library/Frameworks/SystemConfiguration.framework/Versions/A/SystemConfiguration] -> not found in project
  [/usr/lib/libc++.1.dylib] -> not found in project
  [/usr/lib/libSystem.B.dylib] -> not found in project
  [/System/Library/Frameworks/AppKit.framework/Versions/C/AppKit] -> not found in project
  [/System/Library/Frameworks/ApplicationServices.framework/Versions/A/ApplicationServices] -> not found in project
  [/System/Library/Frameworks/CFNetwork.framework/Versions/A/CFNetwork] -> not found in project
  [/System/Library/Frameworks/CoreFoundation.framework/Versions/A/CoreFoundation] -> not found in project
  [/System/Library/Frameworks/CoreGraphics.framework/Versions/A/CoreGraphics] -> not found in project
  [/System/Library/Frameworks/CoreServices.framework/Versions/A/CoreServices] -> not found in project
  [/System/Library/Frameworks/CoreText.framework/Versions/A/CoreText] -> not found in project
  [/System/Library/Frameworks/Foundation.framework/Versions/C/Foundation] -> not found in project
  [/System/Library/Frameworks/ImageIO.framework/Versions/A/ImageIO] -> not found in project
  [/usr/lib/libobjc.A.dylib] -> not found in project
------------------------------------------------

 (ProgramLoader)  
INFO  IMPORTING: Loaded 0 additional files (HeadlessAnalyzer)  
INFO  ANALYZING all memory and code: file:///Users/michaelbelmonte/Desktop/Progetto_Reverse_Mike/binaries/MikeCore (HeadlessAnalyzer)  
INFO  hit non-returning function, restarting decompiler switch analyzer later (DecompilerSwitchAnalyzer)  
ERROR VarnodeContext: out of address spaces at @006b5379 for: RAX-006b5379 (VarnodeContext)  
ERROR VarnodeContext: out of address spaces at @00417a19 for: ESI-00417a19 (VarnodeContext)  
WARN  PackedDatabase cache failure for: /Applications/ghidra_12.0.4_PUBLIC/Ghidra/Features/Base/data/typeinfo/mac_10.9/mac_osx.gdt, permission denied: /var/tmp/michaelbelmonte-ghidra/packed-db-cache (PackedDatabase)  
INFO  Applied data type archive: mac_osx (ApplyDataArchiveAnalyzer)  
WARN  Unable to fully apply external demangled Address Table at 02c284c8: std::istream::typeinfo (DemangledAddressTable)  
WARN  Unable to fully apply external demangled Address Table at 02c284d0: std::ostream::typeinfo (DemangledAddressTable)  
WARN  Unable to fully apply external demangled Address Table at 02c284d8: std::iostream::typeinfo (DemangledAddressTable)  
WARN  Unable to fully apply external demangled Address Table at 02c284e0: std::streambuf::typeinfo (DemangledAddressTable)  
WARN  Unable to fully apply external demangled Address Table at 02c284e8: std::__shared_weak_count::typeinfo (DemangledAddressTable)  
WARN  Unable to fully apply external demangled Address Table at 02c284f0: std::locale::facet::typeinfo (DemangledAddressTable)  
WARN  Unable to fully apply external demangled Address Table at 02c284f8: std::ios_base::failure::typeinfo (DemangledAddressTable)  
WARN  Unable to fully apply external demangled Address Table at 02c28500: std::out_of_range::typeinfo (DemangledAddressTable)  
WARN  Unable to fully apply external demangled Address Table at 02c28508: std::bad_exception::typeinfo (DemangledAddressTable)  
WARN  Unable to fully apply external demangled Address Table at 02c28510: std::runtime_error::typeinfo (DemangledAddressTable)  
WARN  Unable to fully apply external demangled Address Table at 02c28518: std::invalid_argument::typeinfo (DemangledAddressTable)  
WARN  Unable to fully apply external demangled Address Table at 02c28520: std::bad_cast::typeinfo (DemangledAddressTable)  
WARN  Unable to fully apply external demangled Address Table at 02c28528: std::bad_alloc::typeinfo (DemangledAddressTable)  
WARN  Unable to fully apply external demangled Address Table at 02c28530: int::typeinfo (DemangledAddressTable)  
WARN  Unable to fully apply external demangled Address Table at 02c28538: short::typeinfo (DemangledAddressTable)  
WARN  Unable to fully apply external demangled Address Table at 02c28540: unsigned_short::typeinfo (DemangledAddressTable)  
WARN  Unable to fully apply external demangled Address Table at 02c28548: long_long::typeinfo (DemangledAddressTable)  
WARN  Unable to fully apply external demangled Address Table at 02c28550: __cxxabiv1::__class_type_info::vtable (DemangledAddressTable)  
WARN  Unable to fully apply external demangled Address Table at 02c28558: __cxxabiv1::__pointer_type_info::vtable (DemangledAddressTable)  
WARN  Unable to fully apply external demangled Address Table at 02c28560: __cxxabiv1::__si_class_type_info::vtable (DemangledAddressTable)  
WARN  Unable to fully apply external demangled Address Table at 02c28568: __cxxabiv1::__vmi_class_type_info::vtable (DemangledAddressTable)  
WARN  Unable to fully apply external demangled Address Table at 02c28570: std::system_error::vtable (DemangledAddressTable)  
WARN  Unable to fully apply external demangled Address Table at 02c28578: std::istream::vtable (DemangledAddressTable)  
WARN  Unable to fully apply external demangled Address Table at 02c28580: std::num_get<char,std::istreambuf_iterator<char,std::char_traits<char>>>::vtable (DemangledAddressTable)  
WARN  Unable to fully apply external demangled Address Table at 02c28588: std::ios_base::failure::vtable (DemangledAddressTable)  
WARN  Unable to fully apply external demangled Address Table at 02c28590: std::ios::vtable (DemangledAddressTable)  
WARN  Unable to fully apply external demangled Address Table at 02c28598: std::length_error::vtable (DemangledAddressTable)  
WARN  Unable to fully apply external demangled Address Table at 02c285a0: std::out_of_range::vtable (DemangledAddressTable)  
WARN  Unable to fully apply external demangled Address Table at 02c285a8: std::invalid_argument::vtable (DemangledAddressTable)  
WARN  Unable to fully apply external demangled Address Table: /usr/lib/libc++.1.dylib::std::istream::typeinfo (DemangledAddressTable)  
WARN  Unable to fully apply external demangled Address Table: /usr/lib/libc++.1.dylib::std::ostream::typeinfo (DemangledAddressTable)  
WARN  Unable to fully apply external demangled Address Table: /usr/lib/libc++.1.dylib::std::iostream::typeinfo (DemangledAddressTable)  
WARN  Unable to fully apply external demangled Address Table: /usr/lib/libc++.1.dylib::std::streambuf::typeinfo (DemangledAddressTable)  
WARN  Unable to fully apply external demangled Address Table: /usr/lib/libc++.1.dylib::std::__shared_weak_count::typeinfo (DemangledAddressTable)  
WARN  Unable to fully apply external demangled Address Table: /usr/lib/libc++.1.dylib::std::locale::facet::typeinfo (DemangledAddressTable)  
WARN  Unable to fully apply external demangled Address Table: /usr/lib/libc++.1.dylib::std::ios_base::failure::typeinfo (DemangledAddressTable)  
WARN  Unable to fully apply external demangled Address Table: /usr/lib/libc++.1.dylib::std::out_of_range::typeinfo (DemangledAddressTable)  
WARN  Unable to fully apply external demangled Address Table: /usr/lib/libc++.1.dylib::std::bad_exception::typeinfo (DemangledAddressTable)  
WARN  Unable to fully apply external demangled Address Table: /usr/lib/libc++.1.dylib::std::runtime_error::typeinfo (DemangledAddressTable)  
WARN  Unable to fully apply external demangled Address Table: /usr/lib/libc++.1.dylib::std::invalid_argument::typeinfo (DemangledAddressTable)  
WARN  Unable to fully apply external demangled Address Table: /usr/lib/libc++.1.dylib::std::bad_cast::typeinfo (DemangledAddressTable)  
WARN  Unable to fully apply external demangled Address Table: /usr/lib/libc++.1.dylib::std::bad_alloc::typeinfo (DemangledAddressTable)  
WARN  Unable to fully apply external demangled Address Table: /usr/lib/libc++.1.dylib::int::typeinfo (DemangledAddressTable)  
WARN  Unable to fully apply external demangled Address Table: /usr/lib/libc++.1.dylib::short::typeinfo (DemangledAddressTable)  
WARN  Unable to fully apply external demangled Address Table: /usr/lib/libc++.1.dylib::unsigned_short::typeinfo (DemangledAddressTable)  
WARN  Unable to fully apply external demangled Address Table: /usr/lib/libc++.1.dylib::long_long::typeinfo (DemangledAddressTable)  
WARN  Unable to fully apply external demangled Address Table: /usr/lib/libc++.1.dylib::__cxxabiv1::__class_type_info::vtable (DemangledAddressTable)  
WARN  Unable to fully apply external demangled Address Table: /usr/lib/libc++.1.dylib::__cxxabiv1::__pointer_type_info::vtable (DemangledAddressTable)  
WARN  Unable to fully apply external demangled Address Table: /usr/lib/libc++.1.dylib::__cxxabiv1::__si_class_type_info::vtable (DemangledAddressTable)  
WARN  Unable to fully apply external demangled Address Table: /usr/lib/libc++.1.dylib::__cxxabiv1::__vmi_class_type_info::vtable (DemangledAddressTable)  
WARN  Unable to fully apply external demangled Address Table: /usr/lib/libc++.1.dylib::std::system_error::vtable (DemangledAddressTable)  
WARN  Unable to fully apply external demangled Address Table: /usr/lib/libc++.1.dylib::std::istream::vtable (DemangledAddressTable)  
WARN  Unable to fully apply external demangled Address Table: /usr/lib/libc++.1.dylib::std::num_get<char,std::istreambuf_iterator<char,std::char_traits<char>>>::vtable (DemangledAddressTable)  
WARN  Unable to fully apply external demangled Address Table: /usr/lib/libc++.1.dylib::std::ios_base::failure::vtable (DemangledAddressTable)  
WARN  Unable to fully apply external demangled Address Table: /usr/lib/libc++.1.dylib::std::ios::vtable (DemangledAddressTable)  
WARN  Unable to fully apply external demangled Address Table: /usr/lib/libc++.1.dylib::std::length_error::vtable (DemangledAddressTable)  
WARN  Unable to fully apply external demangled Address Table: /usr/lib/libc++.1.dylib::std::out_of_range::vtable (DemangledAddressTable)  
WARN  Unable to fully apply external demangled Address Table: /usr/lib/libc++.1.dylib::std::invalid_argument::vtable (DemangledAddressTable)  
ERROR VarnodeContext: out of address spaces at @006b5379 for: RAX-006b5379 (VarnodeContext)  
ERROR VarnodeContext: out of address spaces at @00417a19 for: ESI-00417a19 (VarnodeContext)  
WARN  Decompiling 00f528c0, pcode error at 00f52d58: Unable to resolve constructor at 00f52d58 (DecompileCallback)  
WARN  Decompiling 00fa4280, pcode error at 00fa5700: Unable to resolve constructor at 00fa5700 (DecompileCallback)  
WARN  Decompiling 01092040, pcode error at 010939a1: Unable to resolve constructor at 010939a1 (DecompileCallback)  
INFO  -----------------------------------------------------
    ASCII Strings                              2.991 secs
    Apply Data Archives                        0.526 secs
    CFStrings                                  0.008 secs
    Call Convention ID                         6.577 secs
    Call-Fixup Installer                       0.189 secs
    Create Address Tables                      6.024 secs
    Create Address Tables - One Time           0.623 secs
    Create Function                            5.525 secs
    Data Reference                            21.059 secs
    Decompiler Switch Analysis               153.913 secs
    Decompiler Switch Analysis - One Time      6.459 secs
    Demangler GNU                              2.062 secs
    Disassemble Entry Points                   7.773 secs
    Disassemble Entry Points - One Time        1.612 secs
    Embedded Media                             0.216 secs
    External Entry References                  0.067 secs
    Function ID                               20.779 secs
    Function Start Search                      0.107 secs
    Mach-O Function Starts                    11.270 secs
    Non-Returning Functions - Discovered      27.960 secs
    Non-Returning Functions - Known            0.020 secs
    Objective-C 2 Class                        1.858 secs
    Objective-C 2 Decompiler Message         801.424 secs
    Reference                                  8.045 secs
    Shared Return Calls                        7.985 secs
    Stack                                    214.214 secs
    Subroutine References                     67.233 secs
    Subroutine References - One Time           0.006 secs
    x86 Constant Reference Analyzer          187.386 secs
-----------------------------------------------------
     Total Time   1563 secs
-----------------------------------------------------
 (AutoAnalysisManager)  
INFO  REPORT: Analysis succeeded for file: file:///Users/michaelbelmonte/Desktop/Progetto_Reverse_Mike/binaries/MikeCore (HeadlessAnalyzer)  
INFO  /MikeCore: file created (michaelbelmonte) (LocalFileSystem)  
INFO  REPORT: Save succeeded for: /MikeCore (MikeCore_Project:/MikeCore) (HeadlessAnalyzer)  
INFO  REPORT: Import succeeded (HeadlessAnalyzer)
